0 verbose cli C:\Program Files\nodejs\node.exe C:\Program Files\nodejs\node_modules\npm\bin\npm-cli.js
1 info using npm@11.11.0
2 info using node@v24.14.1
3 silly config load:file:C:\Program Files\nodejs\node_modules\npm\npmrc
4 silly config load:file:D:\github\GRS003\web\.npmrc
5 silly config load:file:C:\Users\xx\.npmrc
6 silly config load:file:C:\Users\xx\AppData\Roaming\npm\etc\npmrc
7 verbose title npm ci
8 verbose argv "ci" "--cache" ".npm-cache"
9 verbose logfile logs-max:10 dir:D:\github\GRS003\web\.npm-cache\_logs\2026-07-14T05_31_12_517Z-
10 verbose logfile D:\github\GRS003\web\.npm-cache\_logs\2026-07-14T05_31_12_517Z-debug-0.log
11 silly logfile done cleaning log files
12 silly packumentCache heap:4496293888 maxSize:1124073472 maxEntrySize:562036736
13 silly idealTree buildDeps
14 silly reify moves {}
15 silly audit bulk request {
15 silly audit   '@emnapi/runtime': [ '1.11.1' ],
15 silly audit   '@esbuild/aix-ppc64': [ '0.28.1' ],
15 silly audit   '@esbuild/android-arm': [ '0.28.1' ],
15 silly audit   '@esbuild/android-arm64': [ '0.28.1' ],
15 silly audit   '@esbuild/android-x64': [ '0.28.1' ],
15 silly audit   '@esbuild/darwin-arm64': [ '0.28.1' ],
15 silly audit   '@esbuild/darwin-x64': [ '0.28.1' ],
15 silly audit   '@esbuild/freebsd-arm64': [ '0.28.1' ],
15 silly audit   '@esbuild/freebsd-x64': [ '0.28.1' ],
15 silly audit   '@esbuild/linux-arm': [ '0.28.1' ],
15 silly audit   '@esbuild/linux-arm64': [ '0.28.1' ],
15 silly audit   '@esbuild/linux-ia32': [ '0.28.1' ],
15 silly audit   '@esbuild/linux-loong64': [ '0.28.1' ],
15 silly audit   '@esbuild/linux-mips64el': [ '0.28.1' ],
15 silly audit   '@esbuild/linux-ppc64': [ '0.28.1' ],
15 silly audit   '@esbuild/linux-riscv64': [ '0.28.1' ],
15 silly audit   '@esbuild/linux-s390x': [ '0.28.1' ],
15 silly audit   '@esbuild/linux-x64': [ '0.28.1' ],
15 silly audit   '@esbuild/netbsd-arm64': [ '0.28.1' ],
15 silly audit   '@esbuild/netbsd-x64': [ '0.28.1' ],
15 silly audit   '@esbuild/openbsd-arm64': [ '0.28.1' ],
15 silly audit   '@esbuild/openbsd-x64': [ '0.28.1' ],
15 silly audit   '@esbuild/openharmony-arm64': [ '0.28.1' ],
15 silly audit   '@esbuild/sunos-x64': [ '0.28.1' ],
15 silly audit   '@esbuild/win32-arm64': [ '0.28.1' ],
15 silly audit   '@esbuild/win32-ia32': [ '0.28.1' ],
15 silly audit   '@esbuild/win32-x64': [ '0.28.1' ],
15 silly audit   '@img/colour': [ '1.1.0' ],
15 silly audit   '@img/sharp-darwin-arm64': [ '0.34.5' ],
15 silly audit   '@img/sharp-darwin-x64': [ '0.34.5' ],
15 silly audit   '@img/sharp-libvips-darwin-arm64': [ '1.2.4' ],
15 silly audit   '@img/sharp-libvips-darwin-x64': [ '1.2.4' ],
15 silly audit   '@img/sharp-libvips-linux-arm': [ '1.2.4' ],
15 silly audit   '@img/sharp-libvips-linux-arm64': [ '1.2.4' ],
15 silly audit   '@img/sharp-libvips-linux-ppc64': [ '1.2.4' ],
15 silly audit   '@img/sharp-libvips-linux-riscv64': [ '1.2.4' ],
15 silly audit   '@img/sharp-libvips-linux-s390x': [ '1.2.4' ],
15 silly audit   '@img/sharp-libvips-linux-x64': [ '1.2.4' ],
15 silly audit   '@img/sharp-libvips-linuxmusl-arm64': [ '1.2.4' ],
15 silly audit   '@img/sharp-libvips-linuxmusl-x64': [ '1.2.4' ],
15 silly audit   '@img/sharp-linux-arm': [ '0.34.5' ],
15 silly audit   '@img/sharp-linux-arm64': [ '0.34.5' ],
15 silly audit   '@img/sharp-linux-ppc64': [ '0.34.5' ],
15 silly audit   '@img/sharp-linux-riscv64': [ '0.34.5' ],
15 silly audit   '@img/sharp-linux-s390x': [ '0.34.5' ],
15 silly audit   '@img/sharp-linux-x64': [ '0.34.5' ],
15 silly audit   '@img/sharp-linuxmusl-arm64': [ '0.34.5' ],
15 silly audit   '@img/sharp-linuxmusl-x64': [ '0.34.5' ],
15 silly audit   '@img/sharp-wasm32': [ '0.34.5' ],
15 silly audit   '@img/sharp-win32-arm64': [ '0.34.5' ],
15 silly audit   '@img/sharp-win32-ia32': [ '0.34.5' ],
15 silly audit   '@img/sharp-win32-x64': [ '0.34.5' ],
15 silly audit   '@next/env': [ '15.5.19' ],
15 silly audit   '@next/swc-darwin-arm64': [ '15.5.19' ],
15 silly audit   '@next/swc-darwin-x64': [ '15.5.19' ],
15 silly audit   '@next/swc-linux-arm64-gnu': [ '15.5.19' ],
15 silly audit   '@next/swc-linux-arm64-musl': [ '15.5.19' ],
15 silly audit   '@next/swc-linux-x64-gnu': [ '15.5.19' ],
15 silly audit   '@next/swc-linux-x64-musl': [ '15.5.19' ],
15 silly audit   '@next/swc-win32-arm64-msvc': [ '15.5.19' ],
15 silly audit   '@next/swc-win32-x64-msvc': [ '15.5.19' ],
15 silly audit   '@prisma/client': [ '6.19.3' ],
15 silly audit   '@prisma/config': [ '6.19.3' ],
15 silly audit   '@prisma/debug': [ '6.19.3' ],
15 silly audit   '@prisma/engines': [ '6.19.3' ],
15 silly audit   '@prisma/engines-version': [ '7.1.1-3.c2990dca591cba766e3b7ef5d9e8a84796e47ab7' ],
15 silly audit   '@prisma/fetch-engine': [ '6.19.3' ],
15 silly audit   '@prisma/get-platform': [ '6.19.3' ],
15 silly audit   '@standard-schema/spec': [ '1.1.0' ],
15 silly audit   '@swc/helpers': [ '0.5.15' ],
15 silly audit   '@types/node': [ '22.19.21' ],
15 silly audit   '@types/react': [ '19.2.17' ],
15 silly audit   '@types/react-dom': [ '19.2.3' ],
15 silly audit   c12: [ '3.1.0' ],
15 silly audit   'caniuse-lite': [ '1.0.30001799' ],
15 silly audit   chokidar: [ '4.0.3' ],
15 silly audit   citty: [ '0.1.6', '0.2.2' ],
15 silly audit   'client-only': [ '0.0.1' ],
15 silly audit   confbox: [ '0.2.4' ],
15 silly audit   consola: [ '3.4.2' ],
15 silly audit   csstype: [ '3.2.3' ],
15 silly audit   'deepmerge-ts': [ '7.1.5' ],
15 silly audit   defu: [ '6.1.7' ],
15 silly audit   destr: [ '2.0.5' ],
15 silly audit   'detect-libc': [ '2.1.2' ],
15 silly audit   dotenv: [ '16.6.1' ],
15 silly audit   effect: [ '3.21.0' ],
15 silly audit   empathic: [ '2.0.0' ],
15 silly audit   esbuild: [ '0.28.1' ],
15 silly audit   exsolve: [ '1.0.8' ],
15 silly audit   'fast-check': [ '3.23.2' ],
15 silly audit   fsevents: [ '2.3.3' ],
15 silly audit   giget: [ '2.0.0' ],
15 silly audit   jiti: [ '2.7.0' ],
15 silly audit   nanoid: [ '3.3.13' ],
15 silly audit   next: [ '15.5.19' ],
15 silly audit   'node-fetch-native': [ '1.6.7' ],
15 silly audit   nypm: [ '0.6.7' ],
15 silly audit   ohash: [ '2.0.11' ],
15 silly audit   pathe: [ '2.0.3' ],
15 silly audit   'perfect-debounce': [ '1.0.0' ],
15 silly audit   picocolors: [ '1.1.1' ],
15 silly audit   'pkg-types': [ '2.3.1' ],
15 silly audit   postcss: [ '8.4.31' ],
15 silly audit   prisma: [ '6.19.3' ],
15 silly audit   'pure-rand': [ '6.1.0' ],
15 silly audit   rc9: [ '2.1.2' ],
15 silly audit   react: [ '19.2.7' ],
15 silly audit   'react-dom': [ '19.2.7' ],
15 silly audit   readdirp: [ '4.1.2' ],
15 silly audit   scheduler: [ '0.27.0' ],
15 silly audit   semver: [ '7.8.5' ],
15 silly audit   sharp: [ '0.34.5' ],
15 silly audit   'source-map-js': [ '1.2.1' ],
15 silly audit   'styled-jsx': [ '5.1.6' ],
15 silly audit   tinyexec: [ '1.2.4' ],
15 silly audit   tslib: [ '2.8.1' ],
15 silly audit   tsx: [ '4.22.4' ],
15 silly audit   typescript: [ '5.9.3' ],
15 silly audit   'undici-types': [ '6.21.0' ],
15 silly audit   zod: [ '3.25.76' ]
15 silly audit }
16 http cache undici-types@https://registry.npmjs.org/undici-types/-/undici-types-6.21.0.tgz 1ms (cache hit)
17 http cache zod@https://registry.npmjs.org/zod/-/zod-3.25.76.tgz 0ms (cache hit)
18 http cache typescript@https://registry.npmjs.org/typescript/-/typescript-5.9.3.tgz 0ms (cache hit)
19 http cache tsx@https://registry.npmjs.org/tsx/-/tsx-4.22.4.tgz 0ms (cache hit)
20 http cache tslib@https://registry.npmjs.org/tslib/-/tslib-2.8.1.tgz 0ms (cache hit)
21 http cache styled-jsx@https://registry.npmjs.org/styled-jsx/-/styled-jsx-5.1.6.tgz 0ms (cache hit)
22 http cache tinyexec@https://registry.npmjs.org/tinyexec/-/tinyexec-1.2.4.tgz 0ms (cache hit)
23 http cache sharp@https://registry.npmjs.org/sharp/-/sharp-0.34.5.tgz 0ms (cache hit)
24 http cache source-map-js@https://registry.npmjs.org/source-map-js/-/source-map-js-1.2.1.tgz 0ms (cache hit)
25 http cache scheduler@https://registry.npmjs.org/scheduler/-/scheduler-0.27.0.tgz 0ms (cache hit)
26 http cache readdirp@https://registry.npmjs.org/readdirp/-/readdirp-4.1.2.tgz 0ms (cache hit)
27 http cache semver@https://registry.npmjs.org/semver/-/semver-7.8.5.tgz 0ms (cache hit)
28 http cache react@https://registry.npmjs.org/react/-/react-19.2.7.tgz 0ms (cache hit)
29 http cache rc9@https://registry.npmjs.org/rc9/-/rc9-2.1.2.tgz 0ms (cache hit)
30 http cache prisma@https://registry.npmjs.org/prisma/-/prisma-6.19.3.tgz 0ms (cache hit)
31 http cache postcss@https://registry.npmjs.org/postcss/-/postcss-8.4.31.tgz 0ms (cache hit)
32 http cache react-dom@https://registry.npmjs.org/react-dom/-/react-dom-19.2.7.tgz 0ms (cache hit)
33 http cache pkg-types@https://registry.npmjs.org/pkg-types/-/pkg-types-2.3.1.tgz 0ms (cache hit)
34 http cache pathe@https://registry.npmjs.org/pathe/-/pathe-2.0.3.tgz 0ms (cache hit)
35 http cache pure-rand@https://registry.npmjs.org/pure-rand/-/pure-rand-6.1.0.tgz 0ms (cache hit)
36 http cache perfect-debounce@https://registry.npmjs.org/perfect-debounce/-/perfect-debounce-1.0.0.tgz 0ms (cache hit)
37 http cache ohash@https://registry.npmjs.org/ohash/-/ohash-2.0.11.tgz 0ms (cache hit)
38 http cache nypm@https://registry.npmjs.org/nypm/-/nypm-0.6.7.tgz 0ms (cache hit)
39 http cache node-fetch-native@https://registry.npmjs.org/node-fetch-native/-/node-fetch-native-1.6.7.tgz 0ms (cache hit)
40 http cache picocolors@https://registry.npmjs.org/picocolors/-/picocolors-1.1.1.tgz 0ms (cache hit)
41 http cache next@https://registry.npmjs.org/next/-/next-15.5.19.tgz 0ms (cache hit)
42 http cache giget@https://registry.npmjs.org/giget/-/giget-2.0.0.tgz 0ms (cache hit)
43 http cache nanoid@https://registry.npmjs.org/nanoid/-/nanoid-3.3.13.tgz 0ms (cache hit)
44 http cache fast-check@https://registry.npmjs.org/fast-check/-/fast-check-3.23.2.tgz 0ms (cache hit)
45 http cache exsolve@https://registry.npmjs.org/exsolve/-/exsolve-1.0.8.tgz 0ms (cache hit)
46 http cache esbuild@https://registry.npmjs.org/esbuild/-/esbuild-0.28.1.tgz 0ms (cache hit)
47 http cache dotenv@https://registry.npmjs.org/dotenv/-/dotenv-16.6.1.tgz 0ms (cache hit)
48 http cache effect@https://registry.npmjs.org/effect/-/effect-3.21.0.tgz 0ms (cache hit)
49 http cache jiti@https://registry.npmjs.org/jiti/-/jiti-2.7.0.tgz 0ms (cache hit)
50 http cache empathic@https://registry.npmjs.org/empathic/-/empathic-2.0.0.tgz 0ms (cache hit)
51 http cache detect-libc@https://registry.npmjs.org/detect-libc/-/detect-libc-2.1.2.tgz 0ms (cache hit)
52 http cache defu@https://registry.npmjs.org/defu/-/defu-6.1.7.tgz 0ms (cache hit)
53 http cache destr@https://registry.npmjs.org/destr/-/destr-2.0.5.tgz 0ms (cache hit)
54 http cache consola@https://registry.npmjs.org/consola/-/consola-3.4.2.tgz 0ms (cache hit)
55 http cache confbox@https://registry.npmjs.org/confbox/-/confbox-0.2.4.tgz 0ms (cache hit)
56 http cache deepmerge-ts@https://registry.npmjs.org/deepmerge-ts/-/deepmerge-ts-7.1.5.tgz 0ms (cache hit)
57 http cache csstype@https://registry.npmjs.org/csstype/-/csstype-3.2.3.tgz 0ms (cache hit)
58 http cache chokidar@https://registry.npmjs.org/chokidar/-/chokidar-4.0.3.tgz 0ms (cache hit)
59 http cache @types/react-dom@https://registry.npmjs.org/@types/react-dom/-/react-dom-19.2.3.tgz 0ms (cache hit)
60 http cache client-only@https://registry.npmjs.org/client-only/-/client-only-0.0.1.tgz 0ms (cache hit)
61 http cache @types/react@https://registry.npmjs.org/@types/react/-/react-19.2.17.tgz 0ms (cache hit)
62 http cache citty@https://registry.npmjs.org/citty/-/citty-0.1.6.tgz 0ms (cache hit)
63 http cache caniuse-lite@https://registry.npmjs.org/caniuse-lite/-/caniuse-lite-1.0.30001799.tgz 0ms (cache hit)
64 http cache c12@https://registry.npmjs.org/c12/-/c12-3.1.0.tgz 0ms (cache hit)
65 http cache @swc/helpers@https://registry.npmjs.org/@swc/helpers/-/helpers-0.5.15.tgz 0ms (cache hit)
66 http cache @standard-schema/spec@https://registry.npmjs.org/@standard-schema/spec/-/spec-1.1.0.tgz 0ms (cache hit)
67 http cache @types/node@https://registry.npmjs.org/@types/node/-/node-22.19.21.tgz 0ms (cache hit)
68 http cache @prisma/get-platform@https://registry.npmjs.org/@prisma/get-platform/-/get-platform-6.19.3.tgz 0ms (cache hit)
69 http cache @prisma/engines@https://registry.npmjs.org/@prisma/engines/-/engines-6.19.3.tgz 0ms (cache hit)
70 http cache @prisma/engines-version@https://registry.npmjs.org/@prisma/engines-version/-/engines-version-7.1.1-3.c2990dca591cba766e3b7ef5d9e8a84796e47ab7.tgz 0ms (cache hit)
71 http cache @prisma/debug@https://registry.npmjs.org/@prisma/debug/-/debug-6.19.3.tgz 0ms (cache hit)
72 http cache @prisma/config@https://registry.npmjs.org/@prisma/config/-/config-6.19.3.tgz 0ms (cache hit)
73 http cache @next/swc-win32-x64-msvc@https://registry.npmjs.org/@next/swc-win32-x64-msvc/-/swc-win32-x64-msvc-15.5.19.tgz 0ms (cache hit)
74 http cache @prisma/fetch-engine@https://registry.npmjs.org/@prisma/fetch-engine/-/fetch-engine-6.19.3.tgz 0ms (cache hit)
75 http cache @prisma/client@https://registry.npmjs.org/@prisma/client/-/client-6.19.3.tgz 0ms (cache hit)
76 http cache @next/env@https://registry.npmjs.org/@next/env/-/env-15.5.19.tgz 0ms (cache hit)
77 http cache @esbuild/win32-x64@https://registry.npmjs.org/@esbuild/win32-x64/-/win32-x64-0.28.1.tgz 0ms (cache hit)
78 silly tarball no local data for undici-types@https://registry.npmjs.org/undici-types/-/undici-types-6.21.0.tgz. Extracting by manifest.
79 silly tarball no local data for zod@https://registry.npmjs.org/zod/-/zod-3.25.76.tgz. Extracting by manifest.
80 silly tarball no local data for typescript@https://registry.npmjs.org/typescript/-/typescript-5.9.3.tgz. Extracting by manifest.
81 silly tarball no local data for tsx@https://registry.npmjs.org/tsx/-/tsx-4.22.4.tgz. Extracting by manifest.
82 silly tarball no local data for tslib@https://registry.npmjs.org/tslib/-/tslib-2.8.1.tgz. Extracting by manifest.
83 silly tarball no local data for styled-jsx@https://registry.npmjs.org/styled-jsx/-/styled-jsx-5.1.6.tgz. Extracting by manifest.
84 http cache @img/colour@https://registry.npmjs.org/@img/colour/-/colour-1.1.0.tgz 0ms (cache hit)
85 silly tarball no local data for tinyexec@https://registry.npmjs.org/tinyexec/-/tinyexec-1.2.4.tgz. Extracting by manifest.
86 http cache @img/sharp-win32-x64@https://registry.npmjs.org/@img/sharp-win32-x64/-/sharp-win32-x64-0.34.5.tgz 0ms (cache hit)
87 silly tarball no local data for sharp@https://registry.npmjs.org/sharp/-/sharp-0.34.5.tgz. Extracting by manifest.
88 silly tarball no local data for source-map-js@https://registry.npmjs.org/source-map-js/-/source-map-js-1.2.1.tgz. Extracting by manifest.
89 silly tarball no local data for scheduler@https://registry.npmjs.org/scheduler/-/scheduler-0.27.0.tgz. Extracting by manifest.
90 http cache citty@https://registry.npmjs.org/citty/-/citty-0.2.2.tgz 0ms (cache hit)
91 silly tarball no local data for readdirp@https://registry.npmjs.org/readdirp/-/readdirp-4.1.2.tgz. Extracting by manifest.
92 silly tarball no local data for semver@https://registry.npmjs.org/semver/-/semver-7.8.5.tgz. Extracting by manifest.
93 silly tarball no local data for react@https://registry.npmjs.org/react/-/react-19.2.7.tgz. Extracting by manifest.
94 silly tarball no local data for rc9@https://registry.npmjs.org/rc9/-/rc9-2.1.2.tgz. Extracting by manifest.
95 silly tarball no local data for prisma@https://registry.npmjs.org/prisma/-/prisma-6.19.3.tgz. Extracting by manifest.
96 silly tarball no local data for postcss@https://registry.npmjs.org/postcss/-/postcss-8.4.31.tgz. Extracting by manifest.
97 silly tarball no local data for react-dom@https://registry.npmjs.org/react-dom/-/react-dom-19.2.7.tgz. Extracting by manifest.
98 silly tarball no local data for pkg-types@https://registry.npmjs.org/pkg-types/-/pkg-types-2.3.1.tgz. Extracting by manifest.
99 silly tarball no local data for pathe@https://registry.npmjs.org/pathe/-/pathe-2.0.3.tgz. Extracting by manifest.
100 silly tarball no local data for pure-rand@https://registry.npmjs.org/pure-rand/-/pure-rand-6.1.0.tgz. Extracting by manifest.
101 silly tarball no local data for perfect-debounce@https://registry.npmjs.org/perfect-debounce/-/perfect-debounce-1.0.0.tgz. Extracting by manifest.
102 silly tarball no local data for ohash@https://registry.npmjs.org/ohash/-/ohash-2.0.11.tgz. Extracting by manifest.
103 silly tarball no local data for nypm@https://registry.npmjs.org/nypm/-/nypm-0.6.7.tgz. Extracting by manifest.
104 silly tarball no local data for node-fetch-native@https://registry.npmjs.org/node-fetch-native/-/node-fetch-native-1.6.7.tgz. Extracting by manifest.
105 silly tarball no local data for picocolors@https://registry.npmjs.org/picocolors/-/picocolors-1.1.1.tgz. Extracting by manifest.
106 silly tarball no local data for next@https://registry.npmjs.org/next/-/next-15.5.19.tgz. Extracting by manifest.
107 silly tarball no local data for giget@https://registry.npmjs.org/giget/-/giget-2.0.0.tgz. Extracting by manifest.
108 silly tarball no local data for nanoid@https://registry.npmjs.org/nanoid/-/nanoid-3.3.13.tgz. Extracting by manifest.
109 silly tarball no local data for fast-check@https://registry.npmjs.org/fast-check/-/fast-check-3.23.2.tgz. Extracting by manifest.
110 silly tarball no local data for exsolve@https://registry.npmjs.org/exsolve/-/exsolve-1.0.8.tgz. Extracting by manifest.
111 silly tarball no local data for esbuild@https://registry.npmjs.org/esbuild/-/esbuild-0.28.1.tgz. Extracting by manifest.
112 silly tarball no local data for dotenv@https://registry.npmjs.org/dotenv/-/dotenv-16.6.1.tgz. Extracting by manifest.
113 silly tarball no local data for effect@https://registry.npmjs.org/effect/-/effect-3.21.0.tgz. Extracting by manifest.
114 silly tarball no local data for jiti@https://registry.npmjs.org/jiti/-/jiti-2.7.0.tgz. Extracting by manifest.
115 silly tarball no local data for empathic@https://registry.npmjs.org/empathic/-/empathic-2.0.0.tgz. Extracting by manifest.
116 silly tarball no local data for detect-libc@https://registry.npmjs.org/detect-libc/-/detect-libc-2.1.2.tgz. Extracting by manifest.
117 silly tarball no local data for defu@https://registry.npmjs.org/defu/-/defu-6.1.7.tgz. Extracting by manifest.
118 silly tarball no local data for destr@https://registry.npmjs.org/destr/-/destr-2.0.5.tgz. Extracting by manifest.
119 silly tarball no local data for consola@https://registry.npmjs.org/consola/-/consola-3.4.2.tgz. Extracting by manifest.
120 silly tarball no local data for confbox@https://registry.npmjs.org/confbox/-/confbox-0.2.4.tgz. Extracting by manifest.
121 silly tarball no local data for deepmerge-ts@https://registry.npmjs.org/deepmerge-ts/-/deepmerge-ts-7.1.5.tgz. Extracting by manifest.
122 silly tarball no local data for csstype@https://registry.npmjs.org/csstype/-/csstype-3.2.3.tgz. Extracting by manifest.
123 silly tarball no local data for chokidar@https://registry.npmjs.org/chokidar/-/chokidar-4.0.3.tgz. Extracting by manifest.
124 silly tarball no local data for @types/react-dom@https://registry.npmjs.org/@types/react-dom/-/react-dom-19.2.3.tgz. Extracting by manifest.
125 silly tarball no local data for client-only@https://registry.npmjs.org/client-only/-/client-only-0.0.1.tgz. Extracting by manifest.
126 silly tarball no local data for @types/react@https://registry.npmjs.org/@types/react/-/react-19.2.17.tgz. Extracting by manifest.
127 silly tarball no local data for citty@https://registry.npmjs.org/citty/-/citty-0.1.6.tgz. Extracting by manifest.
128 silly tarball no local data for caniuse-lite@https://registry.npmjs.org/caniuse-lite/-/caniuse-lite-1.0.30001799.tgz. Extracting by manifest.
129 silly tarball no local data for c12@https://registry.npmjs.org/c12/-/c12-3.1.0.tgz. Extracting by manifest.
130 silly tarball no local data for @swc/helpers@https://registry.npmjs.org/@swc/helpers/-/helpers-0.5.15.tgz. Extracting by manifest.
131 silly tarball no local data for @standard-schema/spec@https://registry.npmjs.org/@standard-schema/spec/-/spec-1.1.0.tgz. Extracting by manifest.
132 silly tarball no local data for @types/node@https://registry.npmjs.org/@types/node/-/node-22.19.21.tgz. Extracting by manifest.
133 silly tarball no local data for @prisma/get-platform@https://registry.npmjs.org/@prisma/get-platform/-/get-platform-6.19.3.tgz. Extracting by manifest.
134 silly tarball no local data for @prisma/engines@https://registry.npmjs.org/@prisma/engines/-/engines-6.19.3.tgz. Extracting by manifest.
135 silly tarball no local data for @prisma/engines-version@https://registry.npmjs.org/@prisma/engines-version/-/engines-version-7.1.1-3.c2990dca591cba766e3b7ef5d9e8a84796e47ab7.tgz. Extracting by manifest.
136 silly tarball no local data for @prisma/debug@https://registry.npmjs.org/@prisma/debug/-/debug-6.19.3.tgz. Extracting by manifest.
137 silly tarball no local data for @prisma/config@https://registry.npmjs.org/@prisma/config/-/config-6.19.3.tgz. Extracting by manifest.
138 silly tarball no local data for @next/swc-win32-x64-msvc@https://registry.npmjs.org/@next/swc-win32-x64-msvc/-/swc-win32-x64-msvc-15.5.19.tgz. Extracting by manifest.
139 silly tarball no local data for @prisma/fetch-engine@https://registry.npmjs.org/@prisma/fetch-engine/-/fetch-engine-6.19.3.tgz. Extracting by manifest.
140 silly tarball no local data for @prisma/client@https://registry.npmjs.org/@prisma/client/-/client-6.19.3.tgz. Extracting by manifest.
141 silly tarball no local data for @next/env@https://registry.npmjs.org/@next/env/-/env-15.5.19.tgz. Extracting by manifest.
142 silly tarball no local data for @esbuild/win32-x64@https://registry.npmjs.org/@esbuild/win32-x64/-/win32-x64-0.28.1.tgz. Extracting by manifest.
143 silly tarball no local data for @img/colour@https://registry.npmjs.org/@img/colour/-/colour-1.1.0.tgz. Extracting by manifest.
144 silly tarball no local data for @img/sharp-win32-x64@https://registry.npmjs.org/@img/sharp-win32-x64/-/sharp-win32-x64-0.34.5.tgz. Extracting by manifest.
145 silly tarball no local data for citty@https://registry.npmjs.org/citty/-/citty-0.2.2.tgz. Extracting by manifest.
146 http fetch GET 200 https://registry.npmjs.org/semver/-/semver-7.8.5.tgz 1052ms (cache miss)
147 http fetch GET 200 https://registry.npmjs.org/tslib/-/tslib-2.8.1.tgz 1116ms (cache miss)
148 http fetch POST 200 https://registry.npmjs.org/-/npm/v1/security/advisories/bulk 1139ms
149 silly audit report {
149 silly audit report   postcss: [
149 silly audit report     {
149 silly audit report       id: 1117015,
149 silly audit report       url: 'https://github.com/advisories/GHSA-qx2v-qp2m-jg93',
149 silly audit report       title: 'PostCSS has XSS via Unescaped </style> in its CSS Stringify Output',
149 silly audit report       severity: 'moderate',
149 silly audit report       vulnerable_versions: '<8.5.10',
149 silly audit report       cwe: [Array],
149 silly audit report       cvss: [Object]
149 silly audit report     }
149 silly audit report   ]
149 silly audit report }
150 silly packumentCache corgi:https://registry.npmjs.org/postcss cache-miss
151 http fetch GET 200 https://registry.npmjs.org/source-map-js/-/source-map-js-1.2.1.tgz 1184ms (cache miss)
152 http fetch GET 200 https://registry.npmjs.org/undici-types/-/undici-types-6.21.0.tgz 1275ms (cache miss)
153 http fetch GET 200 https://registry.npmjs.org/tinyexec/-/tinyexec-1.2.4.tgz 1352ms (cache miss)
154 http fetch GET 200 https://registry.npmjs.org/postcss/-/postcss-8.4.31.tgz 1385ms (cache miss)
155 http fetch GET 200 https://registry.npmjs.org/rc9/-/rc9-2.1.2.tgz 1455ms (cache miss)
156 http fetch GET 200 https://registry.npmjs.org/readdirp/-/readdirp-4.1.2.tgz 1542ms (cache miss)
157 http fetch GET 200 https://registry.npmjs.org/pathe/-/pathe-2.0.3.tgz 1792ms (cache miss)
158 http fetch GET 200 https://registry.npmjs.org/tsx/-/tsx-4.22.4.tgz 1840ms (cache miss)
159 http fetch GET 200 https://registry.npmjs.org/pure-rand/-/pure-rand-6.1.0.tgz 1875ms (cache miss)
160 http fetch GET 200 https://registry.npmjs.org/perfect-debounce/-/perfect-debounce-1.0.0.tgz 1918ms (cache miss)
161 http fetch GET 200 https://registry.npmjs.org/ohash/-/ohash-2.0.11.tgz 1968ms (cache miss)
162 http fetch GET 200 https://registry.npmjs.org/pkg-types/-/pkg-types-2.3.1.tgz 2010ms (cache miss)
163 http fetch GET 200 https://registry.npmjs.org/picocolors/-/picocolors-1.1.1.tgz 2055ms (cache miss)
164 http fetch GET 200 https://registry.npmjs.org/scheduler/-/scheduler-0.27.0.tgz 2184ms (cache miss)
165 http fetch GET 200 https://registry.npmjs.org/giget/-/giget-2.0.0.tgz 2215ms (cache miss)
166 http fetch GET 200 https://registry.npmjs.org/styled-jsx/-/styled-jsx-5.1.6.tgz 2296ms (cache miss)
167 http fetch GET 200 https://registry.npmjs.org/npm 2617ms
168 http fetch GET 200 https://registry.npmjs.org/dotenv/-/dotenv-16.6.1.tgz 2597ms (cache miss)
169 http fetch GET 200 https://registry.npmjs.org/exsolve/-/exsolve-1.0.8.tgz 2693ms (cache miss)
170 http fetch GET 200 https://registry.npmjs.org/react/-/react-19.2.7.tgz 2880ms (cache miss)
171 http fetch GET 200 https://registry.npmjs.org/detect-libc/-/detect-libc-2.1.2.tgz 3110ms (cache miss)
172 http fetch GET 200 https://registry.npmjs.org/node-fetch-native/-/node-fetch-native-1.6.7.tgz 3121ms (cache miss)
173 http fetch GET 200 https://registry.npmjs.org/esbuild/-/esbuild-0.28.1.tgz 3276ms (cache miss)
174 http fetch GET 200 https://registry.npmjs.org/destr/-/destr-2.0.5.tgz 3334ms (cache miss)
175 http fetch GET 200 https://registry.npmjs.org/defu/-/defu-6.1.7.tgz 3340ms (cache miss)
176 http fetch GET 200 https://registry.npmjs.org/fast-check/-/fast-check-3.23.2.tgz 3397ms (cache miss)
177 http fetch GET 200 https://registry.npmjs.org/empathic/-/empathic-2.0.0.tgz 3500ms (cache miss)
178 http fetch GET 200 https://registry.npmjs.org/sharp/-/sharp-0.34.5.tgz 3660ms (cache miss)
179 http fetch GET 200 https://registry.npmjs.org/confbox/-/confbox-0.2.4.tgz 3899ms (cache miss)
180 http fetch GET 200 https://registry.npmjs.org/consola/-/consola-3.4.2.tgz 4032ms (cache miss)
181 http fetch GET 200 https://registry.npmjs.org/client-only/-/client-only-0.0.1.tgz 4110ms (cache miss)
182 http fetch GET 200 https://registry.npmjs.org/chokidar/-/chokidar-4.0.3.tgz 4280ms (cache miss)
183 http fetch GET 200 https://registry.npmjs.org/@types/react-dom/-/react-dom-19.2.3.tgz 4307ms (cache miss)
184 http fetch GET 200 https://registry.npmjs.org/citty/-/citty-0.1.6.tgz 4348ms (cache miss)
185 http fetch GET 200 https://registry.npmjs.org/@types/react/-/react-19.2.17.tgz 4441ms (cache miss)
186 http fetch GET 200 https://registry.npmjs.org/csstype/-/csstype-3.2.3.tgz 4596ms (cache miss)
187 http fetch GET 200 https://registry.npmjs.org/@standard-schema/spec/-/spec-1.1.0.tgz 4722ms (cache miss)
188 http fetch GET 200 https://registry.npmjs.org/@swc/helpers/-/helpers-0.5.15.tgz 5007ms (cache miss)
189 http fetch GET 200 https://registry.npmjs.org/deepmerge-ts/-/deepmerge-ts-7.1.5.tgz 5065ms (cache miss)
190 http fetch GET 200 https://registry.npmjs.org/jiti/-/jiti-2.7.0.tgz 5213ms (cache miss)
191 http fetch GET 200 https://registry.npmjs.org/@prisma/engines/-/engines-6.19.3.tgz 5240ms (cache miss)
192 http fetch GET 200 https://registry.npmjs.org/@prisma/engines-version/-/engines-version-7.1.1-3.c2990dca591cba766e3b7ef5d9e8a84796e47ab7.tgz 5306ms (cache miss)
193 http fetch GET 200 https://registry.npmjs.org/@prisma/config/-/config-6.19.3.tgz 5503ms (cache miss)
194 http fetch GET 200 https://registry.npmjs.org/c12/-/c12-3.1.0.tgz 5588ms (cache miss)
195 http fetch GET 200 https://registry.npmjs.org/@prisma/get-platform/-/get-platform-6.19.3.tgz 5633ms (cache miss)
196 http fetch GET 200 https://registry.npmjs.org/@prisma/debug/-/debug-6.19.3.tgz 5712ms (cache miss)
197 http fetch GET 200 https://registry.npmjs.org/nypm/-/nypm-0.6.7.tgz 5903ms (cache miss)
198 http fetch GET 200 https://registry.npmjs.org/@prisma/fetch-engine/-/fetch-engine-6.19.3.tgz 6352ms (cache miss)
199 http fetch GET 200 https://registry.npmjs.org/@next/env/-/env-15.5.19.tgz 6570ms (cache miss)
200 http fetch GET 200 https://registry.npmjs.org/react-dom/-/react-dom-19.2.7.tgz 6701ms (cache miss)
201 http fetch GET 200 https://registry.npmjs.org/citty/-/citty-0.2.2.tgz 6818ms (cache miss)
202 http fetch GET 200 https://registry.npmjs.org/@types/node/-/node-22.19.21.tgz 6948ms (cache miss)
203 http fetch GET 200 https://registry.npmjs.org/@img/colour/-/colour-1.1.0.tgz 6988ms (cache miss)
204 http fetch GET 200 https://registry.npmjs.org/effect/-/effect-3.21.0.tgz 7338ms (cache miss)
205 http fetch GET 200 https://registry.npmjs.org/nanoid/-/nanoid-3.3.13.tgz 7380ms (cache miss)
206 http fetch GET 200 https://registry.npmjs.org/postcss 6552ms (cache miss)
207 silly packumentCache corgi:https://registry.npmjs.org/postcss set size:undefined disposed:false
208 silly packumentCache corgi:https://registry.npmjs.org/next cache-miss
209 http fetch GET 200 https://registry.npmjs.org/typescript/-/typescript-5.9.3.tgz 9749ms (cache miss)
210 http fetch GET 200 https://registry.npmjs.org/caniuse-lite/-/caniuse-lite-1.0.30001799.tgz 10222ms (cache miss)
211 http fetch GET 200 https://registry.npmjs.org/next 4204ms (cache miss)
212 silly packumentCache corgi:https://registry.npmjs.org/next set size:undefined disposed:false
213 http fetch GET 200 https://registry.npmjs.org/zod/-/zod-3.25.76.tgz 15371ms (cache miss)
214 http fetch GET 200 https://registry.npmjs.org/@img/sharp-win32-x64/-/sharp-win32-x64-0.34.5.tgz 16953ms (cache miss)
215 http fetch GET 200 https://registry.npmjs.org/@esbuild/win32-x64/-/win32-x64-0.28.1.tgz 19049ms (cache miss)
216 http fetch GET 200 https://registry.npmjs.org/next/-/next-15.5.19.tgz 23074ms (cache miss)
217 http fetch GET 200 https://registry.npmjs.org/prisma/-/prisma-6.19.3.tgz 30029ms (cache miss)
218 http fetch GET 200 https://registry.npmjs.org/@next/swc-win32-x64-msvc/-/swc-win32-x64-msvc-15.5.19.tgz 34628ms (cache miss)
